// Jest Snapshot v1, https://goo.gl/fbAQLP

exports[`InputSearch calls the onChange callback handler 1`] = `
<DocumentFragment>
  <div
    class="inputWrapper"
  >
    <input
      class="input"
      role="input"
      value=""
    />
    <button
      class="Close"
      role="resetButton"
      type="reset"
    >
      Ã—
    </button>
  </div>
</DocumentFragment>
`;
