// Jest Snapshot v1, https://goo.gl/fbAQLP

exports[`test Button Component 1`] = `
<DocumentFragment>
  <button
    class="button"
  />
</DocumentFragment>
`;
