// Jest Snapshot v1, https://goo.gl/fbAQLP

exports[`render spinner 1`] = `
<div
  className="ldsRoller"
>
  <div />
  <div />
  <div />
  <div />
  <div />
  <div />
  <div />
  <div />
</div>
`;
