// Jest Snapshot v1, https://goo.gl/fbAQLP

exports[`test SearchHistory Component 1`] = `
<DocumentFragment>
  <div
    class="History"
  >
    <div
      class="HistoryItem"
    >
      Search history
    </div>
    <div
      class="HistoryItem"
    >
      <button
        class="RemoveButton"
        type="button"
      >
        ×
      </button>
      far
    </div>
    <div
      class="HistoryItem"
    >
      <button
        class="RemoveButton"
        type="button"
      >
        ×
      </button>
      boo
    </div>
    <div
      class="HistoryItem"
    >
      <button
        class="RemoveButton"
        type="button"
      >
        ×
      </button>
      baz
    </div>
  </div>
</DocumentFragment>
`;
