// Jest Snapshot v1, https://goo.gl/fbAQLP

exports[`test BookList Component 1`] = `
<DocumentFragment>
  <div
    class="list"
  />
</DocumentFragment>
`;
